// Jest Snapshot v1, https://goo.gl/fbAQLP

exports[`auth GET /whoami 1`] = `
{
  "errors": [
    {
      "message": "You are not authenticated",
      "type": "Not Authenticated",
    },
  ],
  "ok": false,
}
`;
