// Jest Snapshot v1, https://goo.gl/fbAQLP

exports[`conversation POST /send-message 1`] = `
{
  "data": true,
  "ok": true,
}
`;

exports[`conversation POST /send-message 2`] = `"Hello asser"`;
